[00:01:26] [main/INFO]: Using mbed TLS based native cipher.
[00:01:26] [main/INFO]: Using zlib based native compressor.
[00:01:26] [main/INFO]: Enabled Waterfall version git:Waterfall-Bootstrap:1.21-R0.1-SNAPSHOT:9ab9e2b:582
[00:01:26] [main/WARN]: Waterfall has reached end of life and is no longer maintained. We recommend you transition to Velocity (https://papermc.io/software/velocity). For more information, see the announcement (https://forums.papermc.io/threads/1088/).
[00:01:26] [main/INFO]: Not on Windows, attempting to use enhanced EpollEventLoop
[00:01:26] [main/INFO]: Epoll is working, utilising it!
[00:01:27] [main/INFO]: Discovered module: ModuleSpec(name=cmd_alert, file=modules/cmd_alert.jar, provider=JenkinsModuleSource())
[00:01:27] [main/INFO]: Discovered module: ModuleSpec(name=cmd_find, file=modules/cmd_find.jar, provider=JenkinsModuleSource())
[00:01:27] [main/INFO]: Discovered module: ModuleSpec(name=cmd_list, file=modules/cmd_list.jar, provider=JenkinsModuleSource())
[00:01:27] [main/INFO]: Discovered module: ModuleSpec(name=cmd_send, file=modules/cmd_send.jar, provider=JenkinsModuleSource())
[00:01:27] [main/INFO]: Discovered module: ModuleSpec(name=cmd_server, file=modules/cmd_server.jar, provider=JenkinsModuleSource())
[00:01:27] [main/INFO]: Discovered module: ModuleSpec(name=reconnect_yaml, file=modules/reconnect_yaml.jar, provider=JenkinsModuleSource())
[00:01:27] [main/INFO]: Attempting to update plugin from null to ModuleVersion(build=582, git=9ab9e2b)
[00:01:27] [main/INFO]: Attempting to Jenkins download module cmd_alert v582
[00:01:29] [main/WARN]: Failed to download: FileNotFoundException : https://api.papermc.io/v2/projects/waterfall/versions/1.21/builds/582/downloads/cmd_alert-1.21-582.jar @ sun.net.www.protocol.http.HttpURLConnection:1696
[00:01:29] [main/INFO]: Attempting to update plugin from null to ModuleVersion(build=582, git=9ab9e2b)
[00:01:29] [main/INFO]: Attempting to Jenkins download module cmd_find v582
[00:01:30] [main/WARN]: Failed to download: FileNotFoundException : https://api.papermc.io/v2/projects/waterfall/versions/1.21/builds/582/downloads/cmd_find-1.21-582.jar @ sun.net.www.protocol.http.HttpURLConnection:1696
[00:01:30] [main/INFO]: Attempting to update plugin from null to ModuleVersion(build=582, git=9ab9e2b)
[00:01:30] [main/INFO]: Attempting to Jenkins download module cmd_list v582
[00:01:30] [main/WARN]: Failed to download: FileNotFoundException : https://api.papermc.io/v2/projects/waterfall/versions/1.21/builds/582/downloads/cmd_list-1.21-582.jar @ sun.net.www.protocol.http.HttpURLConnection:1696
[00:01:30] [main/INFO]: Attempting to update plugin from null to ModuleVersion(build=582, git=9ab9e2b)
[00:01:30] [main/INFO]: Attempting to Jenkins download module cmd_send v582
[00:01:30] [main/WARN]: Failed to download: FileNotFoundException : https://api.papermc.io/v2/projects/waterfall/versions/1.21/builds/582/downloads/cmd_send-1.21-582.jar @ sun.net.www.protocol.http.HttpURLConnection:1696
[00:01:30] [main/INFO]: Attempting to update plugin from null to ModuleVersion(build=582, git=9ab9e2b)
[00:01:30] [main/INFO]: Attempting to Jenkins download module cmd_server v582
[00:01:31] [main/WARN]: Failed to download: FileNotFoundException : https://api.papermc.io/v2/projects/waterfall/versions/1.21/builds/582/downloads/cmd_server-1.21-582.jar @ sun.net.www.protocol.http.HttpURLConnection:1696
[00:01:31] [main/INFO]: Attempting to update plugin from null to ModuleVersion(build=582, git=9ab9e2b)
[00:01:31] [main/INFO]: Attempting to Jenkins download module reconnect_yaml v582
[00:01:31] [main/WARN]: Failed to download: FileNotFoundException : https://api.papermc.io/v2/projects/waterfall/versions/1.21/builds/582/downloads/reconnect_yaml-1.21-582.jar @ sun.net.www.protocol.http.HttpURLConnection:1696
[00:01:31] [main/WARN]: :>:>:>:>:>:>:>:>:>:>:>:>:>:>:>:>:>:>:>:>:>:>:>
[00:01:31] [main/WARN]: :>  
[00:01:31] [main/WARN]: :>      EAGLERCRAFTXBUNGEE WARNING:
[00:01:31] [main/WARN]: :>  
[00:01:31] [main/WARN]: :>  This plugin wasn't tested to be 'working'
[00:01:31] [main/WARN]: :>  with ANY version of BungeeCord (and forks)
[00:01:31] [main/WARN]: :>  apart from the versions listed below:
[00:01:31] [main/WARN]: :>  
[00:01:31] [main/WARN]: :>  - BungeeCord: 1.21-R0.1-SNAPSHOT:0aa2871:1893
[00:01:31] [main/WARN]: :>  - https://ci.md-5.net/job/BungeeCord/1893/artifact/bootstrap/target/BungeeCord.jar
[00:01:31] [main/WARN]: :>  
[00:01:31] [main/WARN]: :>  - Waterfall: 1.21-R0.1-SNAPSHOT:9ab9e2b:582
[00:01:31] [main/WARN]: :>  - https://api.papermc.io/v2/projects/waterfall/versions/1.21/builds/582/downloads/waterfall-1.21-582.jar
[00:01:31] [main/WARN]: :>  
[00:01:31] [main/WARN]: :>  This is not a Bukkit/Spigot plugin!
[00:01:31] [main/WARN]: :>  
[00:01:31] [main/WARN]: :>  Use "-Deaglerxbungee.stfu=true" to hide
[00:01:31] [main/WARN]: :>  
[00:01:31] [main/WARN]: :>:>:>:>:>:>:>:>:>:>:>:>:>:>:>:>:>:>:>:>:>:>:>
[00:01:32] [main/INFO]: Loaded plugin EaglercraftXBungee version 1.3.6 by lax1dude
[00:01:32] [main/WARN]: Forced host server pvp is not defined
[00:01:32] [main/ERROR] [EaglercraftXBungee]: Online mode is set to false! Authentication system has been disabled
[00:01:33] [Netty Boss IO Thread #0/INFO] [EaglercraftXBungee]: Eaglercraft is listening on: /0.0.0.0:8081
[00:01:34] [main/INFO] [EaglercraftXBungee]: Connected to database: jdbc:sqlite:eaglercraft_skins_cache.db
[00:01:34] [main/INFO] [EaglercraftXBungee]: Voice chat disabled, add "allow_voice: true" to your listeners to enable
[00:01:34] [main/INFO]: Enabled plugin EaglercraftXBungee version 1.3.6 by lax1dude
[00:01:35] [Netty Boss IO Thread #1/INFO]: Listening on /0.0.0.0:25577
[00:02:01] [Netty Worker IO Thread #0/INFO] [EaglercraftXBungee]: [/[0:0:0:0:0:0:0:1]:47594]: Connected via websocket
[00:02:01] [Netty Worker IO Thread #0/INFO] [EaglercraftXBungee]: [/[0:0:0:0:0:0:0:1]:47594]: Origin header is https://magurock.github.io
[00:02:02] [Netty Worker IO Thread #0/INFO] [EaglercraftXBungee]: [/[0:0:0:0:0:0:0:1]:47594]: Logged in as 'GG_80'
[00:02:02] [Netty Worker IO Thread #0/INFO]: [/[0:0:0:0:0:0:0:1]:47594|GG_80] -> UpstreamBridge has connected
[00:02:02] [Netty Worker IO Thread #0/INFO]: [GG_80|/[0:0:0:0:0:0:0:1]:47594] <-> ServerConnector [lobby] has connected
[00:02:02] [Netty Worker IO Thread #0/WARN]: [GG_80|/[0:0:0:0:0:0:0:1]:47594] <-> ServerConnector [lobby] - NativeIoException: recvAddress(..) failed: Connection reset by peer
[00:02:02] [Netty Worker IO Thread #0/INFO]: [GG_80] disconnected with: Exception Connecting: NativeIoException : recvAddress(..) failed: Connection reset by peer
[00:02:02] [Netty Worker IO Thread #0/INFO]: [/[0:0:0:0:0:0:0:1]:47594|GG_80] -> UpstreamBridge has disconnected
[00:02:02] [Netty Worker IO Thread #0/INFO]: [GG_80|/[0:0:0:0:0:0:0:1]:47594] <-> ServerConnector [lobby] has disconnected
