[23:43:02] [Server thread/INFO]: Starting minecraft server version 1.8.8
[23:43:02] [Server thread/INFO]: Loading properties
[23:43:02] [Server thread/INFO]: Default game type: SURVIVAL
[23:43:04] [Server thread/INFO]: This server is running CraftBukkit version git-PaperSpigot-445 (MC: 1.8.8) (Implementing API version 1.8.8-R0.1-SNAPSHOT)
[23:43:05] [Server thread/INFO]: Debug logging is disabled
[23:43:05] [Server thread/INFO]: Spigot Timings: true - Verbose: true - Interval: 5m - Length: 60m
[23:43:05] [Server thread/INFO]: Server Ping Player Sample Count: 12

[23:43:05] [Server thread/INFO]: Using 4 threads for Netty based IO
[23:43:05] [Server thread/INFO]: Data value allowed items: 
[23:43:05] [Server thread/WARN]: java.lang.NoSuchFieldException: modifiers

[23:43:05] [Server thread/WARN]: 	at java.base/java.lang.Class.getDeclaredField(Class.java:2382)

[23:43:05] [Server thread/WARN]: 	at org.github.paperspigot.PaperSpigotConfig.stackableBuckets(PaperSpigotConfig.java:192)

[23:43:05] [Server thread/WARN]: 	at java.base/jdk.internal.reflect.DirectMethodHandleAccessor.invoke(DirectMethodHandleAccessor.java:104)

[23:43:05] [Server thread/WARN]: 	at java.base/java.lang.reflect.Method.invoke(Method.java:565)

[23:43:05] [Server thread/WARN]: 	at org.github.paperspigot.PaperSpigotConfig.readConfig(PaperSpigotConfig.java:84)

[23:43:05] [Server thread/WARN]: 	at org.github.paperspigot.PaperSpigotConfig.init(PaperSpigotConfig.java:62)

[23:43:05] [Server thread/WARN]: 	at net.minecraft.server.v1_8_R3.DedicatedServer.init(DedicatedServer.java:181)

[23:43:05] [Server thread/WARN]: 	at net.minecraft.server.v1_8_R3.MinecraftServer.run(MinecraftServer.java:563)

[23:43:05] [Server thread/WARN]: 	at java.base/java.lang.Thread.run(Thread.java:1474)

[23:43:05] [Server thread/INFO]: Generating keypair
[23:43:07] [Server thread/INFO]: Starting Minecraft server on *:25564
[23:43:07] [Server thread/INFO]: Your platform does not provide complete low-level API for accessing direct buffers reliably. Unless explicitly requested, heap buffer will always be preferred to avoid potential system unstability.
[23:43:07] [Server thread/INFO]: Using epoll channel type
[23:43:07] [Server thread/INFO]: **** Beginning UUID conversion, this may take A LONG time ****
[23:43:08] [Server thread/INFO]: Preparing level "world"
[23:43:08] [Server thread/INFO]: -------- World Settings For [world] --------
[23:43:08] [Server thread/INFO]: Anti X-Ray: true
[23:43:08] [Server thread/INFO]: 	Engine Mode: 1
[23:43:08] [Server thread/INFO]: 	Hidden Blocks: [14, 15, 16, 21, 48, 49, 54, 56, 73, 74, 82, 129, 130]
[23:43:08] [Server thread/INFO]: 	Replace Blocks: [1, 5]
[23:43:08] [Server thread/INFO]: Mob Spawn Range: 4
[23:43:08] [Server thread/INFO]: Nerfing mobs spawned from spawners: false
[23:43:08] [Server thread/INFO]: Cactus Growth Modifier: 100%
[23:43:08] [Server thread/INFO]: Cane Growth Modifier: 100%
[23:43:08] [Server thread/INFO]: Melon Growth Modifier: 100%
[23:43:08] [Server thread/INFO]: Mushroom Growth Modifier: 100%
[23:43:08] [Server thread/INFO]: Pumpkin Growth Modifier: 100%
[23:43:08] [Server thread/INFO]: Sapling Growth Modifier: 100%
[23:43:08] [Server thread/INFO]: Wheat Growth Modifier: 100%
[23:43:08] [Server thread/INFO]: NetherWart Growth Modifier: 100%
[23:43:08] [Server thread/INFO]: Entity Activation Range: An 32 / Mo 32 / Mi 16
[23:43:08] [Server thread/INFO]: Entity Tracking Range: Pl 48 / An 48 / Mo 48 / Mi 32 / Other 64
[23:43:08] [Server thread/INFO]: Hopper Transfer: 8 Hopper Check: 8 Hopper Amount: 1
[23:43:08] [Server thread/INFO]: Random Lighting Updates: false
[23:43:08] [Server thread/INFO]: Structure Info Saving: true
[23:43:08] [Server thread/INFO]: Sending up to 10 chunks per packet
[23:43:08] [Server thread/INFO]: Max Entity Collisions: 8
[23:43:08] [Server thread/INFO]: Custom Map Seeds:  Village: 10387312 Feature: 14357617
[23:43:08] [Server thread/INFO]: Max TNT Explosions: 100
[23:43:08] [Server thread/INFO]: Tile Max Tick Time: 50ms Entity max Tick Time: 50ms
[23:43:08] [Server thread/INFO]: Zombie Aggressive Towards Villager: true
[23:43:08] [Server thread/INFO]: Item Merge Radius: 2.5
[23:43:08] [Server thread/INFO]: Item Despawn Rate: 6000
[23:43:08] [Server thread/INFO]: Arrow Despawn Rate: 1200
[23:43:08] [Server thread/INFO]: Allow Zombie Pigmen to spawn from portal blocks: true
[23:43:08] [Server thread/INFO]: View Distance: 10
[23:43:08] [Server thread/INFO]: Chunks to Grow per Tick: 650
[23:43:08] [Server thread/INFO]: Clear tick list: false
[23:43:08] [Server thread/INFO]: Experience Merge Radius: 3.0
[23:43:08] [Server thread/INFO]: -------- World Settings For [world] --------
[23:43:08] [Server thread/INFO]: Squids will spawn between Y: 45.0 and Y: 63.0
[23:43:08] [Server thread/INFO]: Max height for cactus growth 3. Max height for reed growth 3
[23:43:08] [Server thread/INFO]: Living Entity Despawn Ranges:  Soft: 32 Hard: 128
[23:43:08] [Server thread/INFO]: Player blocking damage multiplier set to 0.5
[23:43:08] [Server thread/INFO]: Remove invalid mob spawner tile entities: true
[23:43:08] [Server thread/INFO]: Water over lava flow speed: 5
[23:43:08] [Server thread/INFO]: Fix TNT cannons: false
[23:43:08] [Server thread/INFO]: Allow undead horse types to be leashed: false
[23:43:08] [Server thread/INFO]: Keep spawn chunk loaded: true
[23:43:08] [Server thread/INFO]: World async lighting: false
[23:43:08] [Server thread/INFO]: WorldServer TickNextTick cap set at 10000
[23:43:08] [Server thread/INFO]: WorldServer TickNextTickList cap always processes redstone: false
[23:43:08] [Server thread/INFO]: -------- World Settings For [world_nether] --------
[23:43:08] [Server thread/INFO]: Anti X-Ray: true
[23:43:08] [Server thread/INFO]: 	Engine Mode: 1
[23:43:08] [Server thread/INFO]: 	Hidden Blocks: [14, 15, 16, 21, 48, 49, 54, 56, 73, 74, 82, 129, 130]
[23:43:08] [Server thread/INFO]: 	Replace Blocks: [1, 5]
[23:43:08] [Server thread/INFO]: Mob Spawn Range: 4
[23:43:08] [Server thread/INFO]: Nerfing mobs spawned from spawners: false
[23:43:08] [Server thread/INFO]: Cactus Growth Modifier: 100%
[23:43:08] [Server thread/INFO]: Cane Growth Modifier: 100%
[23:43:08] [Server thread/INFO]: Melon Growth Modifier: 100%
[23:43:08] [Server thread/INFO]: Mushroom Growth Modifier: 100%
[23:43:08] [Server thread/INFO]: Pumpkin Growth Modifier: 100%
[23:43:08] [Server thread/INFO]: Sapling Growth Modifier: 100%
[23:43:08] [Server thread/INFO]: Wheat Growth Modifier: 100%
[23:43:08] [Server thread/INFO]: NetherWart Growth Modifier: 100%
[23:43:08] [Server thread/INFO]: Entity Activation Range: An 32 / Mo 32 / Mi 16
[23:43:08] [Server thread/INFO]: Entity Tracking Range: Pl 48 / An 48 / Mo 48 / Mi 32 / Other 64
[23:43:08] [Server thread/INFO]: Hopper Transfer: 8 Hopper Check: 8 Hopper Amount: 1
[23:43:08] [Server thread/INFO]: Random Lighting Updates: false
[23:43:08] [Server thread/INFO]: Structure Info Saving: true
[23:43:08] [Server thread/INFO]: Sending up to 10 chunks per packet
[23:43:08] [Server thread/INFO]: Max Entity Collisions: 8
[23:43:08] [Server thread/INFO]: Custom Map Seeds:  Village: 10387312 Feature: 14357617
[23:43:08] [Server thread/INFO]: Max TNT Explosions: 100
[23:43:08] [Server thread/INFO]: Tile Max Tick Time: 50ms Entity max Tick Time: 50ms
[23:43:08] [Server thread/INFO]: Zombie Aggressive Towards Villager: true
[23:43:08] [Server thread/INFO]: Item Merge Radius: 2.5
[23:43:08] [Server thread/INFO]: Item Despawn Rate: 6000
[23:43:08] [Server thread/INFO]: Arrow Despawn Rate: 1200
[23:43:08] [Server thread/INFO]: Allow Zombie Pigmen to spawn from portal blocks: true
[23:43:08] [Server thread/INFO]: View Distance: 10
[23:43:08] [Server thread/INFO]: Chunks to Grow per Tick: 650
[23:43:08] [Server thread/INFO]: Clear tick list: false
[23:43:08] [Server thread/INFO]: Experience Merge Radius: 3.0
[23:43:08] [Server thread/INFO]: -------- World Settings For [world_nether] --------
[23:43:08] [Server thread/INFO]: Squids will spawn between Y: 45.0 and Y: 63.0
[23:43:08] [Server thread/INFO]: Max height for cactus growth 3. Max height for reed growth 3
[23:43:08] [Server thread/INFO]: Living Entity Despawn Ranges:  Soft: 32 Hard: 128
[23:43:08] [Server thread/INFO]: Player blocking damage multiplier set to 0.5
[23:43:08] [Server thread/INFO]: Remove invalid mob spawner tile entities: true
[23:43:08] [Server thread/INFO]: Water over lava flow speed: 5
[23:43:08] [Server thread/INFO]: Fix TNT cannons: false
[23:43:08] [Server thread/INFO]: Allow undead horse types to be leashed: false
[23:43:08] [Server thread/INFO]: Keep spawn chunk loaded: true
[23:43:08] [Server thread/INFO]: World async lighting: false
[23:43:08] [Server thread/INFO]: WorldServer TickNextTick cap set at 10000
[23:43:08] [Server thread/INFO]: WorldServer TickNextTickList cap always processes redstone: false
[23:43:09] [Server thread/INFO]: -------- World Settings For [world_the_end] --------
[23:43:09] [Server thread/INFO]: Anti X-Ray: true
[23:43:09] [Server thread/INFO]: 	Engine Mode: 1
[23:43:09] [Server thread/INFO]: 	Hidden Blocks: [14, 15, 16, 21, 48, 49, 54, 56, 73, 74, 82, 129, 130]
[23:43:09] [Server thread/INFO]: 	Replace Blocks: [1, 5]
[23:43:09] [Server thread/INFO]: Mob Spawn Range: 4
[23:43:09] [Server thread/INFO]: Nerfing mobs spawned from spawners: false
[23:43:09] [Server thread/INFO]: Cactus Growth Modifier: 100%
[23:43:09] [Server thread/INFO]: Cane Growth Modifier: 100%
[23:43:09] [Server thread/INFO]: Melon Growth Modifier: 100%
[23:43:09] [Server thread/INFO]: Mushroom Growth Modifier: 100%
[23:43:09] [Server thread/INFO]: Pumpkin Growth Modifier: 100%
[23:43:09] [Server thread/INFO]: Sapling Growth Modifier: 100%
[23:43:09] [Server thread/INFO]: Wheat Growth Modifier: 100%
[23:43:09] [Server thread/INFO]: NetherWart Growth Modifier: 100%
[23:43:09] [Server thread/INFO]: Entity Activation Range: An 32 / Mo 32 / Mi 16
[23:43:09] [Server thread/INFO]: Entity Tracking Range: Pl 48 / An 48 / Mo 48 / Mi 32 / Other 64
[23:43:09] [Server thread/INFO]: Hopper Transfer: 8 Hopper Check: 8 Hopper Amount: 1
[23:43:09] [Server thread/INFO]: Random Lighting Updates: false
[23:43:09] [Server thread/INFO]: Structure Info Saving: true
[23:43:09] [Server thread/INFO]: Sending up to 10 chunks per packet
[23:43:09] [Server thread/INFO]: Max Entity Collisions: 8
[23:43:09] [Server thread/INFO]: Custom Map Seeds:  Village: 10387312 Feature: 14357617
[23:43:09] [Server thread/INFO]: Max TNT Explosions: 100
[23:43:09] [Server thread/INFO]: Tile Max Tick Time: 50ms Entity max Tick Time: 50ms
[23:43:09] [Server thread/INFO]: Zombie Aggressive Towards Villager: true
[23:43:09] [Server thread/INFO]: Item Merge Radius: 2.5
[23:43:09] [Server thread/INFO]: Item Despawn Rate: 6000
[23:43:09] [Server thread/INFO]: Arrow Despawn Rate: 1200
[23:43:09] [Server thread/INFO]: Allow Zombie Pigmen to spawn from portal blocks: true
[23:43:09] [Server thread/INFO]: View Distance: 10
[23:43:09] [Server thread/INFO]: Chunks to Grow per Tick: 650
[23:43:09] [Server thread/INFO]: Clear tick list: false
[23:43:09] [Server thread/INFO]: Experience Merge Radius: 3.0
[23:43:09] [Server thread/INFO]: -------- World Settings For [world_the_end] --------
[23:43:09] [Server thread/INFO]: Squids will spawn between Y: 45.0 and Y: 63.0
[23:43:09] [Server thread/INFO]: Max height for cactus growth 3. Max height for reed growth 3
[23:43:09] [Server thread/INFO]: Living Entity Despawn Ranges:  Soft: 32 Hard: 128
[23:43:09] [Server thread/INFO]: Player blocking damage multiplier set to 0.5
[23:43:09] [Server thread/INFO]: Remove invalid mob spawner tile entities: true
[23:43:09] [Server thread/INFO]: Water over lava flow speed: 5
[23:43:09] [Server thread/INFO]: Fix TNT cannons: false
[23:43:09] [Server thread/INFO]: Allow undead horse types to be leashed: false
[23:43:09] [Server thread/INFO]: Keep spawn chunk loaded: true
[23:43:09] [Server thread/INFO]: World async lighting: false
[23:43:09] [Server thread/INFO]: WorldServer TickNextTick cap set at 10000
[23:43:09] [Server thread/INFO]: WorldServer TickNextTickList cap always processes redstone: false
[23:43:09] [Server thread/INFO]: Preparing start region for level 0 (Seed: -8064071803546483291)
[23:43:10] [Server thread/INFO]: Preparing spawn area: 5%
[23:43:11] [Server thread/INFO]: Preparing spawn area: 30%
[23:43:12] [Server thread/INFO]: Preparing spawn area: 55%
[23:43:13] [Server thread/INFO]: Preparing spawn area: 72%
[23:43:14] [Server thread/INFO]: Preparing spawn area: 96%
[23:43:14] [Server thread/INFO]: Preparing start region for level 1 (Seed: -8064071803546483291)
[23:43:15] [Server thread/INFO]: Preparing spawn area: 9%
[23:43:16] [Server thread/INFO]: Preparing spawn area: 16%
[23:43:17] [Server thread/INFO]: Preparing spawn area: 25%
[23:43:18] [Server thread/INFO]: Preparing spawn area: 32%
[23:43:19] [Server thread/INFO]: Preparing spawn area: 45%
[23:43:20] [Server thread/INFO]: Preparing spawn area: 71%
[23:43:21] [Server thread/INFO]: Preparing spawn area: 98%
[23:43:21] [Server thread/INFO]: Preparing start region for level 2 (Seed: -8064071803546483291)
[23:43:22] [Server thread/INFO]: Server permissions file permissions.yml is empty, ignoring it
[23:43:22] [Server thread/INFO]: Done (14.581s)! For help, type "help" or "?"
[23:43:22] [Server thread/INFO]: Timings Reset
[23:48:13] [Thread-2/INFO]: Stopping server
